// Jest Snapshot v1, https://goo.gl/fbAQLP

exports[`H#  H2 component Renders a basic H2 component 1`] = `
<Text
  accessibilityRole="text"
  style={
    {
      "color": "#242424",
      "fontSize": 28,
      "letterSpacing": 0.36,
      "lineHeight": 34,
      "margin": 10,
    }
  }
>
  <Text
    accessibilityRole="text"
    style={
      {
        "color": "#242424",
      }
    }
  >
    Content
  </Text>
</Text>
`;
