// Jest Snapshot v1, https://goo.gl/fbAQLP

exports[`Radio Radio field Renders a radio field 1`] = `
<View
  style={
    {
      "flex": 1,
    }
  }
>
  <View
    style={
      {
        "flexDirection": "column",
      }
    }
  >
    <View
      style={
        {
          "flexDirection": "row",
          "marginRight": 0,
          "marginTop": 15,
        }
      }
    />
    <View
      style={
        [
          undefined,
          {
            "marginLeft": 0,
            "marginTop": 20,
            "paddingRight": 10,
          },
          false,
        ]
      }
    >
      <View>
        <View
          style={
            [
              {
                "flexDirection": "row",
                "marginBottom": 5,
              },
              {
                "alignSelf": "flex-start",
                "justifyContent": "flex-start",
              },
              {
                "flexDirection": "column",
                "paddingLeft": 10,
              },
            ]
          }
        >
          <View
            style={
              {
                "marginLeft": 10,
              }
            }
          >
            <View
              accessibilityState={
                {
                  "busy": undefined,
                  "checked": undefined,
                  "disabled": undefined,
                  "expanded": undefined,
                  "selected": undefined,
                }
              }
              accessibilityValue={
                {
                  "max": undefined,
                  "min": undefined,
                  "now": undefined,
                  "text": undefined,
                }
              }
              accessible={true}
              collapsable={false}
              focusable={true}
              onClick={[Function]}
              onResponderGrant={[Function]}
              onResponderMove={[Function]}
              onResponderRelease={[Function]}
              onResponderTerminate={[Function]}
              onResponderTerminationRequest={[Function]}
              onStartShouldSetResponder={[Function]}
              style={
                {
                  "alignItems": "center",
                  "alignSelf": "center",
                  "borderColor": "#03a9f4",
                  "borderRadius": 10,
                  "borderWidth": 2,
                  "height": 20,
                  "justifyContent": "center",
                  "opacity": 1,
                  "width": 20,
                }
              }
            >
              <View
                style={
                  [
                    {
                      "borderRadius": 10,
                    },
                    false,
                    false,
                    false,
                  ]
                }
              />
            </View>
          </View>
          <View
            accessibilityState={
              {
                "busy": undefined,
                "checked": undefined,
                "disabled": undefined,
                "expanded": undefined,
                "selected": undefined,
              }
            }
            accessible={true}
            focusable={true}
            onClick={[Function]}
            onResponderGrant={[Function]}
            onResponderMove={[Function]}
            onResponderRelease={[Function]}
            onResponderTerminate={[Function]}
            onResponderTerminationRequest={[Function]}
            onStartShouldSetResponder={[Function]}
            style={
              [
                {},
                {
                  "alignItems": "center",
                  "alignSelf": "center",
                  "flexDirection": "row",
                },
              ]
            }
          >
            <Text
              style={
                [
                  {
                    "lineHeight": 20,
                    "paddingLeft": 10,
                  },
                  {
                    "paddingLeft": 0,
                  },
                  {
                    "color": undefined,
                  },
                  {
                    "fontSize": 14,
                    "marginHorizontal": 10,
                  },
                ]
              }
            >
              test
            </Text>
          </View>
        </View>
      </View>
      <View>
        <View
          style={
            [
              {
                "flexDirection": "row",
                "marginBottom": 5,
              },
              {
                "alignSelf": "flex-start",
                "justifyContent": "flex-start",
              },
              {
                "flexDirection": "column",
                "paddingLeft": 10,
              },
            ]
          }
        >
          <View
            style={
              {
                "marginLeft": 10,
              }
            }
          >
            <View
              accessibilityState={
                {
                  "busy": undefined,
                  "checked": undefined,
                  "disabled": undefined,
                  "expanded": undefined,
                  "selected": undefined,
                }
              }
              accessibilityValue={
                {
                  "max": undefined,
                  "min": undefined,
                  "now": undefined,
                  "text": undefined,
                }
              }
              accessible={true}
              collapsable={false}
              focusable={true}
              onClick={[Function]}
              onResponderGrant={[Function]}
              onResponderMove={[Function]}
              onResponderRelease={[Function]}
              onResponderTerminate={[Function]}
              onResponderTerminationRequest={[Function]}
              onStartShouldSetResponder={[Function]}
              style={
                {
                  "alignItems": "center",
                  "alignSelf": "center",
                  "borderColor": "#03a9f4",
                  "borderRadius": 10,
                  "borderWidth": 2,
                  "height": 20,
                  "justifyContent": "center",
                  "opacity": 1,
                  "width": 20,
                }
              }
            >
              <View
                style={
                  [
                    {
                      "borderRadius": 10,
                    },
                    false,
                    false,
                    false,
                  ]
                }
              />
            </View>
          </View>
          <View
            accessibilityState={
              {
                "busy": undefined,
                "checked": undefined,
                "disabled": undefined,
                "expanded": undefined,
                "selected": undefined,
              }
            }
            accessible={true}
            focusable={true}
            onClick={[Function]}
            onResponderGrant={[Function]}
            onResponderMove={[Function]}
            onResponderRelease={[Function]}
            onResponderTerminate={[Function]}
            onResponderTerminationRequest={[Function]}
            onStartShouldSetResponder={[Function]}
            style={
              [
                {},
                {
                  "alignItems": "center",
                  "alignSelf": "center",
                  "flexDirection": "row",
                },
              ]
            }
          >
            <Text
              style={
                [
                  {
                    "lineHeight": 20,
                    "paddingLeft": 10,
                  },
                  {
                    "paddingLeft": 0,
                  },
                  {
                    "color": undefined,
                  },
                  {
                    "fontSize": 14,
                    "marginHorizontal": 10,
                  },
                ]
              }
            >
              test1
            </Text>
          </View>
        </View>
      </View>
    </View>
  </View>
</View>
`;
