// Jest Snapshot v1, https://goo.gl/fbAQLP

exports[`Select Field Select Component Render a basic select component 1`] = `
<View
  style={
    {
      "flex": 1,
      "marginHorizontal": 20,
      "marginTop": 20,
    }
  }
>
  <View
    style={
      {
        "flexDirection": "column",
      }
    }
  >
    <View
      style={
        {
          "flexDirection": "row",
          "marginRight": 0,
          "marginTop": 40,
        }
      }
    />
    Dropdown
  </View>
</View>
`;
