// Jest Snapshot v1, https://goo.gl/fbAQLP

exports[`Switch Switch field Renders a checkbox field 1`] = `
<View
  style={
    {
      "flex": 1,
      "flexDirection": "row",
      "marginLeft": 20,
      "marginTop": 10,
    }
  }
>
  <RCTSwitch
    accessibilityRole="switch"
    onChange={[Function]}
    onResponderTerminationRequest={[Function]}
    onStartShouldSetResponder={[Function]}
    style={
      {
        "height": 31,
        "width": 51,
      }
    }
    value={false}
  />
  <Text
    style={
      {
        "color": "rgba(0, 0, 0, 0.87)",
        "fontSize": 15,
        "marginLeft": 10,
        "marginTop": 8,
      }
    }
  >
    Checkbox
  </Text>
</View>
`;
