// Jest Snapshot v1, https://goo.gl/fbAQLP

exports[`Textarea Single Textarea Renders a basic textarea 1`] = `
<View
  style={
    {
      "flex": 1,
    }
  }
>
  <View
    style={
      {
        "flexDirection": "column",
      }
    }
  >
    <View
      style={
        {
          "flexDirection": "row",
          "marginRight": 0,
          "marginTop": 15,
        }
      }
    >
      <Text
        accessibilityRole="text"
        labelStyle={
          {
            "color": "rgba(0, 0, 0, 0.87)",
            "flexWrap": "wrap",
            "fontSize": 12,
            "maxWidth": 580,
          }
        }
        style={
          {
            "color": "#242424",
          }
        }
      >
        <Text
          accessibilityRole="text"
          style={
            {
              "color": "#242424",
            }
          }
        />
         
        <Text
          accessibilityRole="text"
          style={
            {
              "color": "#242424",
            }
          }
        />
         
        textarea
         
        <Text
          accessibilityRole="text"
          style={
            {
              "color": "#242424",
            }
          }
        />
      </Text>
    </View>
    <TextInput
      autoCorrect={true}
      data-index={0}
      defaultValue=""
      disabled={true}
      id="textarea"
      multiline={true}
      numberOfLines={3}
      onChange={[Function]}
      placeholder=""
      style={
        [
          {
            "borderWidth": 1,
            "flex": 1,
            "fontSize": 16,
            "lineHeight": 16,
            "marginHorizontal": 10,
            "marginTop": 20,
            "paddingBottom": 20,
            "paddingHorizontal": 10,
            "paddingTop": 10,
          },
          {
            "borderColor": "#9e9e9e",
            "lineHeight": 18,
          },
        ]
      }
      value=""
    />
  </View>
</View>
`;
