// Jest Snapshot v1, https://goo.gl/fbAQLP

exports[`Change Events @change fires change events on a form 1`] = `
<RCTScrollView
  contentContainerStyle={
    {
      "paddingBottom": 30,
    }
  }
  style={
    {
      "backgroundColor": "#ffffff",
      "flex": 1,
    }
  }
>
  <View>
    <View
      style={
        {
          "flex": 1,
        }
      }
    >
      <View
        style={
          {
            "flex": 1,
          }
        }
      >
        <View
          style={
            {
              "flexDirection": "column",
            }
          }
        >
          <View
            style={
              {
                "flexDirection": "row",
                "marginRight": 0,
                "marginTop": 15,
              }
            }
          >
            <Text
              accessibilityRole="text"
              labelStyle={
                {
                  "color": "rgba(0, 0, 0, 0.87)",
                  "flexWrap": "wrap",
                  "fontSize": 12,
                  "maxWidth": 580,
                }
              }
              style={
                {
                  "color": "#242424",
                }
              }
            >
              <Text
                accessibilityRole="text"
                style={
                  {
                    "color": "#242424",
                  }
                }
              />
               
              <Text
                accessibilityRole="text"
                style={
                  {
                    "color": "#242424",
                  }
                }
              />
               
              My Textfield
               
              <Text
                accessibilityRole="text"
                style={
                  {
                    "color": "#242424",
                  }
                }
              />
            </Text>
          </View>
          <View
            style={
              {
                "borderColor": "#9e9e9e",
                "paddingHorizontal": 10,
                "width": "100%",
              }
            }
            testID="RNE__Input__view-wrapper"
          >
            <View
              collapsable={false}
              style={
                {
                  "alignItems": "center",
                  "borderBottomWidth": 1,
                  "borderColor": "#86939e",
                  "flexDirection": "row",
                  "transform": [
                    {
                      "translateX": 0,
                    },
                  ],
                }
              }
            >
              <TextInput
                data-index={0}
                defaultValue=""
                editable={true}
                id="myTextfield"
                name="myTextfield"
                onBlur={[Function]}
                onChangeText={[Function]}
                placeholder=""
                placeholderTextColor="#bdbdbd"
                shake={true}
                style={
                  {
                    "color": "rgba(0, 0, 0, 0.87)",
                    "flex": 1,
                    "fontSize": 14,
                    "lineHeight": 18,
                    "maxWidth": 580,
                    "minHeight": 40,
                  }
                }
                testID="RNE__Input__text-input"
                type="text"
                underlineColorAndroid="transparent"
                value=""
              />
            </View>
            <Text
              style={
                {
                  "color": "#ff190c",
                  "fontSize": 12,
                  "margin": 5,
                }
              }
            />
          </View>
        </View>
      </View>
    </View>
  </View>
</RCTScrollView>
`;
